// Jest Snapshot v1, https://goo.gl/fbAQLP

exports[`Home renders homepage unchanged 1`] = `
<div>
  <div>
    <h1>
      name
    </h1>
    <button>
      Get user
    </button>
  </div>
</div>
`;
